// Jest Snapshot v1, https://goo.gl/fbAQLP

exports[`<Home /> should render feedback message without repositories 1`] = `
<div
  class="sc-hHftDr ehMRgB"
  data-testid="spinner"
>
  <div
    class="sc-dmlrTW hKcIyL"
  />
</div>
`;
